--------------------------------------------------------------------------------
Release 14.6 Trace  (nt64)
Copyright (c) 1995-2013 Xilinx, Inc.  All rights reserved.

C:\Xilinx\14.6\ISE_DS\ISE\bin\nt64\unwrapped\trce.exe -intstyle ise -v 3 -s 3
-n 3 -fastpaths -xml FPCVT.twx FPCVT.ncd -o FPCVT.twr FPCVT.pcf

Design file:              FPCVT.ncd
Physical constraint file: FPCVT.pcf
Device,package,speed:     xc6slx16,csg324,C,-3 (PRODUCTION 1.23 2013-06-08)
Report level:             verbose report

Environment Variable      Effect 
--------------------      ------ 
NONE                      No environment variables were set
--------------------------------------------------------------------------------

INFO:Timing:2698 - No timing constraints found, doing default enumeration.
INFO:Timing:3412 - To improve timing, see the Timing Closure User Guide (UG612).
INFO:Timing:2752 - To get complete path coverage, use the unconstrained paths 
   option. All paths that are not constrained will be reported in the 
   unconstrained paths section(s) of the report.
INFO:Timing:3339 - The clock-to-out numbers in this timing report are based on 
   a 50 Ohm transmission line loading model.  For the details of this model, 
   and for more information on accounting for different loading conditions, 
   please see the device datasheet.



Data Sheet report:
-----------------
All values displayed in nanoseconds (ns)

Clock D<0> to Pad
------------+-----------------+------------+-----------------+------------+---------------------+--------+
            |Max (slowest) clk|  Process   |Min (fastest) clk|  Process   |                     | Clock  |
Destination |  (edge) to PAD  |   Corner   |  (edge) to PAD  |   Corner   |Internal Clock(s)    | Phase  |
------------+-----------------+------------+-----------------+------------+---------------------+--------+
E<0>        |        43.000(F)|      SLOW  |         6.625(F)|      FAST  |D[11]_GND_1_o_OR_77_o|   0.000|
E<1>        |        43.153(F)|      SLOW  |         6.764(F)|      FAST  |D[11]_GND_1_o_OR_77_o|   0.000|
E<2>        |        43.142(F)|      SLOW  |         6.753(F)|      FAST  |D[11]_GND_1_o_OR_77_o|   0.000|
------------+-----------------+------------+-----------------+------------+---------------------+--------+

Clock D<1> to Pad
------------+-----------------+------------+-----------------+------------+---------------------+--------+
            |Max (slowest) clk|  Process   |Min (fastest) clk|  Process   |                     | Clock  |
Destination |  (edge) to PAD  |   Corner   |  (edge) to PAD  |   Corner   |Internal Clock(s)    | Phase  |
------------+-----------------+------------+-----------------+------------+---------------------+--------+
E<0>        |        42.654(F)|      SLOW  |         6.691(F)|      FAST  |D[11]_GND_1_o_OR_77_o|   0.000|
E<1>        |        42.807(F)|      SLOW  |         6.830(F)|      FAST  |D[11]_GND_1_o_OR_77_o|   0.000|
E<2>        |        42.796(F)|      SLOW  |         6.819(F)|      FAST  |D[11]_GND_1_o_OR_77_o|   0.000|
------------+-----------------+------------+-----------------+------------+---------------------+--------+

Clock D<2> to Pad
------------+-----------------+------------+-----------------+------------+---------------------+--------+
            |Max (slowest) clk|  Process   |Min (fastest) clk|  Process   |                     | Clock  |
Destination |  (edge) to PAD  |   Corner   |  (edge) to PAD  |   Corner   |Internal Clock(s)    | Phase  |
------------+-----------------+------------+-----------------+------------+---------------------+--------+
E<0>        |        42.651(F)|      SLOW  |         5.936(F)|      FAST  |D[11]_GND_1_o_OR_77_o|   0.000|
E<1>        |        42.804(F)|      SLOW  |         6.075(F)|      FAST  |D[11]_GND_1_o_OR_77_o|   0.000|
E<2>        |        42.793(F)|      SLOW  |         6.064(F)|      FAST  |D[11]_GND_1_o_OR_77_o|   0.000|
------------+-----------------+------------+-----------------+------------+---------------------+--------+

Clock D<3> to Pad
------------+-----------------+------------+-----------------+------------+---------------------+--------+
            |Max (slowest) clk|  Process   |Min (fastest) clk|  Process   |                     | Clock  |
Destination |  (edge) to PAD  |   Corner   |  (edge) to PAD  |   Corner   |Internal Clock(s)    | Phase  |
------------+-----------------+------------+-----------------+------------+---------------------+--------+
E<0>        |        42.432(F)|      SLOW  |         6.374(F)|      FAST  |D[11]_GND_1_o_OR_77_o|   0.000|
E<1>        |        42.585(F)|      SLOW  |         6.513(F)|      FAST  |D[11]_GND_1_o_OR_77_o|   0.000|
E<2>        |        42.574(F)|      SLOW  |         6.502(F)|      FAST  |D[11]_GND_1_o_OR_77_o|   0.000|
------------+-----------------+------------+-----------------+------------+---------------------+--------+

Clock D<4> to Pad
------------+-----------------+------------+-----------------+------------+---------------------+--------+
            |Max (slowest) clk|  Process   |Min (fastest) clk|  Process   |                     | Clock  |
Destination |  (edge) to PAD  |   Corner   |  (edge) to PAD  |   Corner   |Internal Clock(s)    | Phase  |
------------+-----------------+------------+-----------------+------------+---------------------+--------+
E<0>        |        42.704(F)|      SLOW  |         6.683(F)|      FAST  |D[11]_GND_1_o_OR_77_o|   0.000|
E<1>        |        42.857(F)|      SLOW  |         6.822(F)|      FAST  |D[11]_GND_1_o_OR_77_o|   0.000|
E<2>        |        42.846(F)|      SLOW  |         6.811(F)|      FAST  |D[11]_GND_1_o_OR_77_o|   0.000|
------------+-----------------+------------+-----------------+------------+---------------------+--------+

Clock D<5> to Pad
------------+-----------------+------------+-----------------+------------+---------------------+--------+
            |Max (slowest) clk|  Process   |Min (fastest) clk|  Process   |                     | Clock  |
Destination |  (edge) to PAD  |   Corner   |  (edge) to PAD  |   Corner   |Internal Clock(s)    | Phase  |
------------+-----------------+------------+-----------------+------------+---------------------+--------+
E<0>        |        42.370(F)|      SLOW  |         6.441(F)|      FAST  |D[11]_GND_1_o_OR_77_o|   0.000|
E<1>        |        42.523(F)|      SLOW  |         6.580(F)|      FAST  |D[11]_GND_1_o_OR_77_o|   0.000|
E<2>        |        42.512(F)|      SLOW  |         6.569(F)|      FAST  |D[11]_GND_1_o_OR_77_o|   0.000|
------------+-----------------+------------+-----------------+------------+---------------------+--------+

Clock D<6> to Pad
------------+-----------------+------------+-----------------+------------+---------------------+--------+
            |Max (slowest) clk|  Process   |Min (fastest) clk|  Process   |                     | Clock  |
Destination |  (edge) to PAD  |   Corner   |  (edge) to PAD  |   Corner   |Internal Clock(s)    | Phase  |
------------+-----------------+------------+-----------------+------------+---------------------+--------+
E<0>        |        42.747(F)|      SLOW  |         6.165(F)|      FAST  |D[11]_GND_1_o_OR_77_o|   0.000|
E<1>        |        42.900(F)|      SLOW  |         6.304(F)|      FAST  |D[11]_GND_1_o_OR_77_o|   0.000|
E<2>        |        42.889(F)|      SLOW  |         6.293(F)|      FAST  |D[11]_GND_1_o_OR_77_o|   0.000|
------------+-----------------+------------+-----------------+------------+---------------------+--------+

Clock D<7> to Pad
------------+-----------------+------------+-----------------+------------+---------------------+--------+
            |Max (slowest) clk|  Process   |Min (fastest) clk|  Process   |                     | Clock  |
Destination |  (edge) to PAD  |   Corner   |  (edge) to PAD  |   Corner   |Internal Clock(s)    | Phase  |
------------+-----------------+------------+-----------------+------------+---------------------+--------+
E<0>        |        42.430(F)|      SLOW  |         6.099(F)|      FAST  |D[11]_GND_1_o_OR_77_o|   0.000|
E<1>        |        42.583(F)|      SLOW  |         6.238(F)|      FAST  |D[11]_GND_1_o_OR_77_o|   0.000|
E<2>        |        42.572(F)|      SLOW  |         6.227(F)|      FAST  |D[11]_GND_1_o_OR_77_o|   0.000|
------------+-----------------+------------+-----------------+------------+---------------------+--------+

Clock D<8> to Pad
------------+-----------------+------------+-----------------+------------+---------------------+--------+
            |Max (slowest) clk|  Process   |Min (fastest) clk|  Process   |                     | Clock  |
Destination |  (edge) to PAD  |   Corner   |  (edge) to PAD  |   Corner   |Internal Clock(s)    | Phase  |
------------+-----------------+------------+-----------------+------------+---------------------+--------+
E<0>        |        42.524(F)|      SLOW  |         5.928(F)|      FAST  |D[11]_GND_1_o_OR_77_o|   0.000|
E<1>        |        42.677(F)|      SLOW  |         6.067(F)|      FAST  |D[11]_GND_1_o_OR_77_o|   0.000|
E<2>        |        42.666(F)|      SLOW  |         6.056(F)|      FAST  |D[11]_GND_1_o_OR_77_o|   0.000|
------------+-----------------+------------+-----------------+------------+---------------------+--------+

Clock D<9> to Pad
------------+-----------------+------------+-----------------+------------+---------------------+--------+
            |Max (slowest) clk|  Process   |Min (fastest) clk|  Process   |                     | Clock  |
Destination |  (edge) to PAD  |   Corner   |  (edge) to PAD  |   Corner   |Internal Clock(s)    | Phase  |
------------+-----------------+------------+-----------------+------------+---------------------+--------+
E<0>        |        42.432(F)|      SLOW  |         5.730(F)|      FAST  |D[11]_GND_1_o_OR_77_o|   0.000|
E<1>        |        42.585(F)|      SLOW  |         5.869(F)|      FAST  |D[11]_GND_1_o_OR_77_o|   0.000|
E<2>        |        42.574(F)|      SLOW  |         5.858(F)|      FAST  |D[11]_GND_1_o_OR_77_o|   0.000|
------------+-----------------+------------+-----------------+------------+---------------------+--------+

Clock D<10> to Pad
------------+-----------------+------------+-----------------+------------+---------------------+--------+
            |Max (slowest) clk|  Process   |Min (fastest) clk|  Process   |                     | Clock  |
Destination |  (edge) to PAD  |   Corner   |  (edge) to PAD  |   Corner   |Internal Clock(s)    | Phase  |
------------+-----------------+------------+-----------------+------------+---------------------+--------+
E<0>        |        42.910(F)|      SLOW  |         6.636(F)|      FAST  |D[11]_GND_1_o_OR_77_o|   0.000|
E<1>        |        43.063(F)|      SLOW  |         6.775(F)|      FAST  |D[11]_GND_1_o_OR_77_o|   0.000|
E<2>        |        43.052(F)|      SLOW  |         6.764(F)|      FAST  |D[11]_GND_1_o_OR_77_o|   0.000|
------------+-----------------+------------+-----------------+------------+---------------------+--------+

Clock D<11> to Pad
------------+-----------------+------------+-----------------+------------+---------------------+--------+
            |Max (slowest) clk|  Process   |Min (fastest) clk|  Process   |                     | Clock  |
Destination |  (edge) to PAD  |   Corner   |  (edge) to PAD  |   Corner   |Internal Clock(s)    | Phase  |
------------+-----------------+------------+-----------------+------------+---------------------+--------+
E<0>        |        42.888(F)|      SLOW  |         6.173(F)|      FAST  |D[11]_GND_1_o_OR_77_o|   0.000|
E<1>        |        43.041(F)|      SLOW  |         6.312(F)|      FAST  |D[11]_GND_1_o_OR_77_o|   0.000|
E<2>        |        43.030(F)|      SLOW  |         6.301(F)|      FAST  |D[11]_GND_1_o_OR_77_o|   0.000|
------------+-----------------+------------+-----------------+------------+---------------------+--------+

Clock to Setup on destination clock D<0>
---------------+---------+---------+---------+---------+
               | Src:Rise| Src:Fall| Src:Rise| Src:Fall|
Source Clock   |Dest:Rise|Dest:Rise|Dest:Fall|Dest:Fall|
---------------+---------+---------+---------+---------+
D<0>           |         |         |   32.498|   32.498|
D<1>           |         |         |   32.152|   32.152|
D<2>           |         |         |   32.149|   32.149|
D<3>           |         |         |   31.930|   31.930|
D<4>           |         |         |   32.202|   32.202|
D<5>           |         |         |   31.868|   31.868|
D<6>           |         |         |   32.245|   32.245|
D<7>           |         |         |   31.928|   31.928|
D<8>           |         |         |   32.022|   32.022|
D<9>           |         |         |   31.930|   31.930|
D<10>          |         |         |   32.408|   32.408|
D<11>          |         |         |   32.386|   32.386|
---------------+---------+---------+---------+---------+

Clock to Setup on destination clock D<1>
---------------+---------+---------+---------+---------+
               | Src:Rise| Src:Fall| Src:Rise| Src:Fall|
Source Clock   |Dest:Rise|Dest:Rise|Dest:Fall|Dest:Fall|
---------------+---------+---------+---------+---------+
D<0>           |         |         |   32.554|   32.554|
D<1>           |         |         |   32.208|   32.208|
D<2>           |         |         |   32.205|   32.205|
D<3>           |         |         |   31.986|   31.986|
D<4>           |         |         |   32.258|   32.258|
D<5>           |         |         |   31.924|   31.924|
D<6>           |         |         |   32.301|   32.301|
D<7>           |         |         |   31.984|   31.984|
D<8>           |         |         |   32.078|   32.078|
D<9>           |         |         |   31.986|   31.986|
D<10>          |         |         |   32.464|   32.464|
D<11>          |         |         |   32.442|   32.442|
---------------+---------+---------+---------+---------+

Clock to Setup on destination clock D<2>
---------------+---------+---------+---------+---------+
               | Src:Rise| Src:Fall| Src:Rise| Src:Fall|
Source Clock   |Dest:Rise|Dest:Rise|Dest:Fall|Dest:Fall|
---------------+---------+---------+---------+---------+
D<0>           |         |         |   33.694|   33.694|
D<1>           |         |         |   33.348|   33.348|
D<2>           |         |         |   33.345|   33.345|
D<3>           |         |         |   33.126|   33.126|
D<4>           |         |         |   33.398|   33.398|
D<5>           |         |         |   33.064|   33.064|
D<6>           |         |         |   33.441|   33.441|
D<7>           |         |         |   33.124|   33.124|
D<8>           |         |         |   33.218|   33.218|
D<9>           |         |         |   33.126|   33.126|
D<10>          |         |         |   33.604|   33.604|
D<11>          |         |         |   33.582|   33.582|
---------------+---------+---------+---------+---------+

Clock to Setup on destination clock D<3>
---------------+---------+---------+---------+---------+
               | Src:Rise| Src:Fall| Src:Rise| Src:Fall|
Source Clock   |Dest:Rise|Dest:Rise|Dest:Fall|Dest:Fall|
---------------+---------+---------+---------+---------+
D<0>           |         |         |   33.048|   33.048|
D<1>           |         |         |   32.702|   32.702|
D<2>           |         |         |   32.699|   32.699|
D<3>           |         |         |   32.480|   32.480|
D<4>           |         |         |   32.752|   32.752|
D<5>           |         |         |   32.418|   32.418|
D<6>           |         |         |   32.795|   32.795|
D<7>           |         |         |   32.478|   32.478|
D<8>           |         |         |   32.572|   32.572|
D<9>           |         |         |   32.480|   32.480|
D<10>          |         |         |   32.958|   32.958|
D<11>          |         |         |   32.936|   32.936|
---------------+---------+---------+---------+---------+

Clock to Setup on destination clock D<4>
---------------+---------+---------+---------+---------+
               | Src:Rise| Src:Fall| Src:Rise| Src:Fall|
Source Clock   |Dest:Rise|Dest:Rise|Dest:Fall|Dest:Fall|
---------------+---------+---------+---------+---------+
D<0>           |         |         |   32.455|   32.455|
D<1>           |         |         |   32.109|   32.109|
D<2>           |         |         |   32.106|   32.106|
D<3>           |         |         |   31.887|   31.887|
D<4>           |         |         |   32.159|   32.159|
D<5>           |         |         |   31.825|   31.825|
D<6>           |         |         |   32.202|   32.202|
D<7>           |         |         |   31.885|   31.885|
D<8>           |         |         |   31.979|   31.979|
D<9>           |         |         |   31.887|   31.887|
D<10>          |         |         |   32.365|   32.365|
D<11>          |         |         |   32.343|   32.343|
---------------+---------+---------+---------+---------+

Clock to Setup on destination clock D<5>
---------------+---------+---------+---------+---------+
               | Src:Rise| Src:Fall| Src:Rise| Src:Fall|
Source Clock   |Dest:Rise|Dest:Rise|Dest:Fall|Dest:Fall|
---------------+---------+---------+---------+---------+
D<0>           |         |         |   32.773|   32.773|
D<1>           |         |         |   32.427|   32.427|
D<2>           |         |         |   32.424|   32.424|
D<3>           |         |         |   32.205|   32.205|
D<4>           |         |         |   32.477|   32.477|
D<5>           |         |         |   32.143|   32.143|
D<6>           |         |         |   32.520|   32.520|
D<7>           |         |         |   32.203|   32.203|
D<8>           |         |         |   32.297|   32.297|
D<9>           |         |         |   32.205|   32.205|
D<10>          |         |         |   32.683|   32.683|
D<11>          |         |         |   32.661|   32.661|
---------------+---------+---------+---------+---------+

Clock to Setup on destination clock D<6>
---------------+---------+---------+---------+---------+
               | Src:Rise| Src:Fall| Src:Rise| Src:Fall|
Source Clock   |Dest:Rise|Dest:Rise|Dest:Fall|Dest:Fall|
---------------+---------+---------+---------+---------+
D<0>           |         |         |   33.290|   33.290|
D<1>           |         |         |   32.944|   32.944|
D<2>           |         |         |   32.941|   32.941|
D<3>           |         |         |   32.722|   32.722|
D<4>           |         |         |   32.994|   32.994|
D<5>           |         |         |   32.660|   32.660|
D<6>           |         |         |   33.037|   33.037|
D<7>           |         |         |   32.720|   32.720|
D<8>           |         |         |   32.814|   32.814|
D<9>           |         |         |   32.722|   32.722|
D<10>          |         |         |   33.200|   33.200|
D<11>          |         |         |   33.178|   33.178|
---------------+---------+---------+---------+---------+

Clock to Setup on destination clock D<7>
---------------+---------+---------+---------+---------+
               | Src:Rise| Src:Fall| Src:Rise| Src:Fall|
Source Clock   |Dest:Rise|Dest:Rise|Dest:Fall|Dest:Fall|
---------------+---------+---------+---------+---------+
D<0>           |         |         |   33.497|   33.497|
D<1>           |         |         |   33.151|   33.151|
D<2>           |         |         |   33.148|   33.148|
D<3>           |         |         |   32.929|   32.929|
D<4>           |         |         |   33.201|   33.201|
D<5>           |         |         |   32.867|   32.867|
D<6>           |         |         |   33.244|   33.244|
D<7>           |         |         |   32.927|   32.927|
D<8>           |         |         |   33.021|   33.021|
D<9>           |         |         |   32.929|   32.929|
D<10>          |         |         |   33.407|   33.407|
D<11>          |         |         |   33.385|   33.385|
---------------+---------+---------+---------+---------+

Clock to Setup on destination clock D<8>
---------------+---------+---------+---------+---------+
               | Src:Rise| Src:Fall| Src:Rise| Src:Fall|
Source Clock   |Dest:Rise|Dest:Rise|Dest:Fall|Dest:Fall|
---------------+---------+---------+---------+---------+
D<0>           |         |         |   33.732|   33.732|
D<1>           |         |         |   33.386|   33.386|
D<2>           |         |         |   33.383|   33.383|
D<3>           |         |         |   33.164|   33.164|
D<4>           |         |         |   33.436|   33.436|
D<5>           |         |         |   33.102|   33.102|
D<6>           |         |         |   33.479|   33.479|
D<7>           |         |         |   33.162|   33.162|
D<8>           |         |         |   33.256|   33.256|
D<9>           |         |         |   33.164|   33.164|
D<10>          |         |         |   33.642|   33.642|
D<11>          |         |         |   33.620|   33.620|
---------------+---------+---------+---------+---------+

Clock to Setup on destination clock D<9>
---------------+---------+---------+---------+---------+
               | Src:Rise| Src:Fall| Src:Rise| Src:Fall|
Source Clock   |Dest:Rise|Dest:Rise|Dest:Fall|Dest:Fall|
---------------+---------+---------+---------+---------+
D<0>           |         |         |   33.980|   33.980|
D<1>           |         |         |   33.634|   33.634|
D<2>           |         |         |   33.631|   33.631|
D<3>           |         |         |   33.412|   33.412|
D<4>           |         |         |   33.684|   33.684|
D<5>           |         |         |   33.350|   33.350|
D<6>           |         |         |   33.727|   33.727|
D<7>           |         |         |   33.410|   33.410|
D<8>           |         |         |   33.504|   33.504|
D<9>           |         |         |   33.412|   33.412|
D<10>          |         |         |   33.890|   33.890|
D<11>          |         |         |   33.868|   33.868|
---------------+---------+---------+---------+---------+

Clock to Setup on destination clock D<10>
---------------+---------+---------+---------+---------+
               | Src:Rise| Src:Fall| Src:Rise| Src:Fall|
Source Clock   |Dest:Rise|Dest:Rise|Dest:Fall|Dest:Fall|
---------------+---------+---------+---------+---------+
D<0>           |         |         |   32.563|   32.563|
D<1>           |         |         |   32.217|   32.217|
D<2>           |         |         |   32.214|   32.214|
D<3>           |         |         |   31.995|   31.995|
D<4>           |         |         |   32.267|   32.267|
D<5>           |         |         |   31.933|   31.933|
D<6>           |         |         |   32.310|   32.310|
D<7>           |         |         |   31.993|   31.993|
D<8>           |         |         |   32.087|   32.087|
D<9>           |         |         |   31.995|   31.995|
D<10>          |         |         |   32.473|   32.473|
D<11>          |         |         |   32.451|   32.451|
---------------+---------+---------+---------+---------+

Clock to Setup on destination clock D<11>
---------------+---------+---------+---------+---------+
               | Src:Rise| Src:Fall| Src:Rise| Src:Fall|
Source Clock   |Dest:Rise|Dest:Rise|Dest:Fall|Dest:Fall|
---------------+---------+---------+---------+---------+
D<0>           |         |         |   33.393|   33.393|
D<1>           |         |         |   33.047|   33.047|
D<2>           |         |         |   33.044|   33.044|
D<3>           |         |         |   32.825|   32.825|
D<4>           |         |         |   33.097|   33.097|
D<5>           |         |         |   32.763|   32.763|
D<6>           |         |         |   33.140|   33.140|
D<7>           |         |         |   32.823|   32.823|
D<8>           |         |         |   32.917|   32.917|
D<9>           |         |         |   32.825|   32.825|
D<10>          |         |         |   33.303|   33.303|
D<11>          |         |         |   33.281|   33.281|
---------------+---------+---------+---------+---------+

Pad to Pad
---------------+---------------+---------+
Source Pad     |Destination Pad|  Delay  |
---------------+---------------+---------+
D<0>           |F<0>           |   39.835|
D<0>           |F<1>           |   40.675|
D<0>           |F<2>           |   40.868|
D<0>           |F<3>           |   40.782|
D<1>           |F<0>           |   39.489|
D<1>           |F<1>           |   40.329|
D<1>           |F<2>           |   40.522|
D<1>           |F<3>           |   40.436|
D<2>           |F<0>           |   39.486|
D<2>           |F<1>           |   40.326|
D<2>           |F<2>           |   40.519|
D<2>           |F<3>           |   40.433|
D<3>           |F<0>           |   39.267|
D<3>           |F<1>           |   40.107|
D<3>           |F<2>           |   40.300|
D<3>           |F<3>           |   40.214|
D<4>           |F<0>           |   39.539|
D<4>           |F<1>           |   40.379|
D<4>           |F<2>           |   40.572|
D<4>           |F<3>           |   40.486|
D<5>           |F<0>           |   39.205|
D<5>           |F<1>           |   40.045|
D<5>           |F<2>           |   40.238|
D<5>           |F<3>           |   40.152|
D<6>           |F<0>           |   39.582|
D<6>           |F<1>           |   40.422|
D<6>           |F<2>           |   40.615|
D<6>           |F<3>           |   40.529|
D<7>           |F<0>           |   39.265|
D<7>           |F<1>           |   40.105|
D<7>           |F<2>           |   40.298|
D<7>           |F<3>           |   40.212|
D<8>           |F<0>           |   39.359|
D<8>           |F<1>           |   40.199|
D<8>           |F<2>           |   40.392|
D<8>           |F<3>           |   40.306|
D<9>           |F<0>           |   39.267|
D<9>           |F<1>           |   40.107|
D<9>           |F<2>           |   40.300|
D<9>           |F<3>           |   40.214|
D<10>          |F<0>           |   39.745|
D<10>          |F<1>           |   40.585|
D<10>          |F<2>           |   40.778|
D<10>          |F<3>           |   40.692|
D<11>          |F<0>           |   39.723|
D<11>          |F<1>           |   40.563|
D<11>          |F<2>           |   40.756|
D<11>          |F<3>           |   40.670|
D<11>          |S              |    5.439|
---------------+---------------+---------+


Analysis completed Thu Apr 27 13:40:29 2017 
--------------------------------------------------------------------------------

Trace Settings:
-------------------------
Trace Settings 

Peak Memory Usage: 226 MB



