Release 14.6 - xst P.68d (nt64)
Copyright (c) 1995-2013 Xilinx, Inc.  All rights reserved.
--> Parameter TMPDIR set to xst/projnav.tmp


Total REAL time to Xst completion: 1.00 secs
Total CPU time to Xst completion: 0.11 secs
 
--> Parameter xsthdpdir set to xst


Total REAL time to Xst completion: 1.00 secs
Total CPU time to Xst completion: 0.11 secs
 
--> Reading design: stopwatch.prj

TABLE OF CONTENTS
  1) Synthesis Options Summary
  2) HDL Parsing
  3) HDL Elaboration
  4) HDL Synthesis
       4.1) HDL Synthesis Report
  5) Advanced HDL Synthesis
       5.1) Advanced HDL Synthesis Report
  6) Low Level Synthesis
  7) Partition Report
  8) Design Summary
       8.1) Primitive and Black Box Usage
       8.2) Device utilization summary
       8.3) Partition Resource Summary
       8.4) Timing Report
            8.4.1) Clock Information
            8.4.2) Asynchronous Control Signals Information
            8.4.3) Timing Summary
            8.4.4) Timing Details
            8.4.5) Cross Clock Domains Report


=========================================================================
*                      Synthesis Options Summary                        *
=========================================================================
---- Source Parameters
Input File Name                    : "stopwatch.prj"
Ignore Synthesis Constraint File   : NO

---- Target Parameters
Output File Name                   : "stopwatch"
Output Format                      : NGC
Target Device                      : xc6slx16-3-csg324

---- Source Options
Top Module Name                    : stopwatch
Automatic FSM Extraction           : YES
FSM Encoding Algorithm             : Auto
Safe Implementation                : No
FSM Style                          : LUT
RAM Extraction                     : Yes
RAM Style                          : Auto
ROM Extraction                     : Yes
Shift Register Extraction          : YES
ROM Style                          : Auto
Resource Sharing                   : YES
Asynchronous To Synchronous        : NO
Shift Register Minimum Size        : 2
Use DSP Block                      : Auto
Automatic Register Balancing       : No

---- Target Options
LUT Combining                      : Auto
Reduce Control Sets                : Auto
Add IO Buffers                     : YES
Global Maximum Fanout              : 100000
Add Generic Clock Buffer(BUFG)     : 16
Register Duplication               : YES
Optimize Instantiated Primitives   : NO
Use Clock Enable                   : Auto
Use Synchronous Set                : Auto
Use Synchronous Reset              : Auto
Pack IO Registers into IOBs        : Auto
Equivalent register Removal        : YES

---- General Options
Optimization Goal                  : Speed
Optimization Effort                : 1
Power Reduction                    : NO
Keep Hierarchy                     : No
Netlist Hierarchy                  : As_Optimized
RTL Output                         : Yes
Global Optimization                : AllClockNets
Read Cores                         : YES
Write Timing Constraints           : NO
Cross Clock Analysis               : NO
Hierarchy Separator                : /
Bus Delimiter                      : <>
Case Specifier                     : Maintain
Slice Utilization Ratio            : 100
BRAM Utilization Ratio             : 100
DSP48 Utilization Ratio            : 100
Auto BRAM Packing                  : NO
Slice Utilization Ratio Delta      : 5

=========================================================================


=========================================================================
*                          HDL Parsing                                  *
=========================================================================
Analyzing Verilog file "C:\Users\152\Downloads\Lab3\Lab3-AAJ\stopwatch.v" into library work
Parsing module <stopwatch>.
WARNING:HDLCompiler:751 - "C:\Users\152\Downloads\Lab3\Lab3-AAJ\stopwatch.v" Line 30: Redeclaration of ansi port oneHz is not allowed
WARNING:HDLCompiler:751 - "C:\Users\152\Downloads\Lab3\Lab3-AAJ\stopwatch.v" Line 31: Redeclaration of ansi port twoHz is not allowed
WARNING:HDLCompiler:751 - "C:\Users\152\Downloads\Lab3\Lab3-AAJ\stopwatch.v" Line 32: Redeclaration of ansi port fastHz is not allowed
WARNING:HDLCompiler:751 - "C:\Users\152\Downloads\Lab3\Lab3-AAJ\stopwatch.v" Line 33: Redeclaration of ansi port betweenHz is not allowed
Parsing module <timer>.
WARNING:HDLCompiler:751 - "C:\Users\152\Downloads\Lab3\Lab3-AAJ\stopwatch.v" Line 95: Redeclaration of ansi port minutes1 is not allowed
WARNING:HDLCompiler:751 - "C:\Users\152\Downloads\Lab3\Lab3-AAJ\stopwatch.v" Line 96: Redeclaration of ansi port minutes2 is not allowed
WARNING:HDLCompiler:751 - "C:\Users\152\Downloads\Lab3\Lab3-AAJ\stopwatch.v" Line 97: Redeclaration of ansi port seconds1 is not allowed
WARNING:HDLCompiler:751 - "C:\Users\152\Downloads\Lab3\Lab3-AAJ\stopwatch.v" Line 98: Redeclaration of ansi port seconds2 is not allowed
WARNING:HDLCompiler:751 - "C:\Users\152\Downloads\Lab3\Lab3-AAJ\stopwatch.v" Line 100: Redeclaration of ansi port oneHz is not allowed
Parsing module <translate>.
ERROR:HDLCompiler:806 - "C:\Users\152\Downloads\Lab3\Lab3-AAJ\stopwatch.v" Line 141: Syntax error near "<=".
ERROR:HDLCompiler:806 - "C:\Users\152\Downloads\Lab3\Lab3-AAJ\stopwatch.v" Line 142: Syntax error near "<=".
ERROR:HDLCompiler:806 - "C:\Users\152\Downloads\Lab3\Lab3-AAJ\stopwatch.v" Line 143: Syntax error near "<=".
ERROR:HDLCompiler:806 - "C:\Users\152\Downloads\Lab3\Lab3-AAJ\stopwatch.v" Line 144: Syntax error near "<=".
ERROR:HDLCompiler:806 - "C:\Users\152\Downloads\Lab3\Lab3-AAJ\stopwatch.v" Line 145: Syntax error near "<=".
ERROR:HDLCompiler:806 - "C:\Users\152\Downloads\Lab3\Lab3-AAJ\stopwatch.v" Line 146: Syntax error near "<=".
ERROR:HDLCompiler:806 - "C:\Users\152\Downloads\Lab3\Lab3-AAJ\stopwatch.v" Line 147: Syntax error near "<=".
ERROR:HDLCompiler:806 - "C:\Users\152\Downloads\Lab3\Lab3-AAJ\stopwatch.v" Line 148: Syntax error near "<=".
ERROR:HDLCompiler:806 - "C:\Users\152\Downloads\Lab3\Lab3-AAJ\stopwatch.v" Line 149: Syntax error near "<=".
ERROR:HDLCompiler:806 - "C:\Users\152\Downloads\Lab3\Lab3-AAJ\stopwatch.v" Line 150: Syntax error near "<=".
ERROR:HDLCompiler:806 - "C:\Users\152\Downloads\Lab3\Lab3-AAJ\stopwatch.v" Line 151: Syntax error near "<=".
ERROR:HDLCompiler:44 - "C:\Users\152\Downloads\Lab3\Lab3-AAJ\stopwatch.v" Line 140: value is not a constant
ERROR:HDLCompiler:1059 - "C:\Users\152\Downloads\Lab3\Lab3-AAJ\stopwatch.v" Line 141: translated is an unknown type
ERROR:HDLCompiler:1059 - "C:\Users\152\Downloads\Lab3\Lab3-AAJ\stopwatch.v" Line 142: translated is an unknown type
ERROR:HDLCompiler:1059 - "C:\Users\152\Downloads\Lab3\Lab3-AAJ\stopwatch.v" Line 143: translated is an unknown type
ERROR:HDLCompiler:1059 - "C:\Users\152\Downloads\Lab3\Lab3-AAJ\stopwatch.v" Line 144: translated is an unknown type
ERROR:HDLCompiler:1059 - "C:\Users\152\Downloads\Lab3\Lab3-AAJ\stopwatch.v" Line 145: translated is an unknown type
ERROR:HDLCompiler:1059 - "C:\Users\152\Downloads\Lab3\Lab3-AAJ\stopwatch.v" Line 146: translated is an unknown type
ERROR:HDLCompiler:1059 - "C:\Users\152\Downloads\Lab3\Lab3-AAJ\stopwatch.v" Line 147: translated is an unknown type
Sorry, too many errors..
--> 

Total memory usage is 204152 kilobytes

Number of errors   :   19 (   0 filtered)
Number of warnings :    9 (   0 filtered)
Number of infos    :    0 (   0 filtered)

